2025-04-14 14:36:48,144 - INFO - Sistema iniciado e pronto para extração.
2025-04-14 14:36:53,323 - INFO - Inicializando extração...
2025-04-14 14:36:53,791 - INFO - Extração em andamento...
2025-04-14 14:36:53,803 - INFO - Iniciando processo de extração de dados...
2025-04-14 14:37:37,544 - INFO - SUCESSO: Arquivo baixado com sucesso.
2025-04-14 14:37:37,563 - INFO - Arquivo excluído: CSVssw0036aLDI[1]143717.sswweb
2025-04-14 14:37:37,569 - INFO - Arquivo excluído: CSVssw0036aLDI[1]143717.sswweb
2025-04-14 14:37:37,576 - INFO - Extração concluída com sucesso
2025-04-14 14:37:39,777 - INFO - Aguardando próxima execução...
2025-04-14 14:37:39,789 - INFO - Aguardando 1 hora para próxima execução...
2025-04-14 14:37:39,802 - INFO - --------------------------------------------------------------------------------
2025-04-14 14:38:24,107 - INFO - Extração interrompida
2025-04-14 14:38:31,268 - INFO - Sistema iniciado e pronto para extração.
2025-04-14 14:38:33,322 - INFO - Inicializando extração...
2025-04-14 14:38:33,781 - INFO - Extração em andamento...
2025-04-14 14:38:33,795 - INFO - Iniciando processo de extração de dados...
2025-04-14 14:39:17,422 - INFO - SUCESSO: Arquivo baixado com sucesso.
2025-04-14 14:39:17,440 - INFO - Arquivo excluído: CSVssw0036aLDI[1]143858.sswweb
2025-04-14 14:39:17,463 - INFO - Arquivo excluído: CSVssw0036aLDI[1]143858.sswweb
2025-04-14 14:39:17,478 - INFO - Extração concluída com sucesso
2025-04-14 14:39:19,671 - INFO - Aguardando próxima execução...
2025-04-14 14:39:19,685 - INFO - Aguardando 1 hora para próxima execução...
2025-04-14 14:39:19,687 - INFO - --------------------------------------------------------------------------------
2025-04-14 14:45:38,989 - INFO - Extração interrompida
2025-04-14 14:46:26,113 - INFO - Sistema iniciado e pronto para extração.
2025-04-14 14:46:27,148 - INFO - Inicializando extração...
2025-04-14 14:46:27,637 - INFO - Extração em andamento...
2025-04-14 14:46:27,646 - INFO - Iniciando processo de extração de dados...
2025-04-14 14:47:12,302 - INFO - SUCESSO: Arquivo baixado com sucesso.
2025-04-14 14:47:12,313 - INFO - Arquivo excluído: CSVssw0036aLDI[1]142312.sswweb
2025-04-14 14:47:12,322 - INFO - Arquivo excluído: CSVssw0036aLDI[1]142312.sswweb
2025-04-14 14:47:12,333 - INFO - Extração concluída com sucesso
2025-04-14 14:47:14,510 - INFO - Aguardando próxima execução...
2025-04-14 14:47:14,519 - INFO - Aguardando 1 hora para próxima execução...
2025-04-14 14:47:14,529 - INFO - --------------------------------------------------------------------------------
2025-04-14 14:47:40,620 - INFO - Extração interrompida
2025-05-22 11:30:49,472 - INFO - Sistema iniciado e pronto para extração.
2025-05-22 11:30:50,690 - INFO - Inicializando extração...
2025-05-22 11:30:51,190 - INFO - Extração em andamento...
2025-05-22 11:30:51,206 - INFO - Iniciando processo de extração de dados...
2025-05-22 11:31:37,480 - INFO - SUCESSO: Arquivo baixado com sucesso.
2025-05-22 11:31:37,499 - INFO - Arquivo excluído: CSVssw0036aLDI[1]112705.sswweb
2025-05-22 11:31:37,511 - INFO - Arquivo excluído: CSVssw0036aLDI[1]112705.sswweb
2025-05-22 11:31:37,519 - INFO - Extração concluída com sucesso
2025-05-22 11:31:39,880 - INFO - Aguardando próxima execução...
2025-05-22 11:31:39,890 - INFO - Aguardando 1 hora para próxima execução...
2025-05-22 11:31:39,907 - INFO - --------------------------------------------------------------------------------
2025-06-02 17:05:27,333 - INFO - Sistema iniciado automaticamente.
2025-06-02 17:05:27,335 - INFO - Inicializando extração...
2025-06-02 17:05:28,077 - INFO - Extração em andamento...
2025-06-02 17:05:28,089 - INFO - Iniciando processo de extração de dados...
2025-06-02 17:06:15,287 - INFO - SUCESSO: Arquivo baixado com sucesso.
2025-06-02 17:06:15,311 - INFO - Arquivo excluído: CSVssw0036aLDI[1]164808.sswweb
2025-06-02 17:06:15,319 - INFO - Arquivo excluído: CSVssw0036aLDI[1]164808.sswweb
2025-06-02 17:06:15,328 - INFO - Extração concluída com sucesso
2025-06-02 17:06:17,840 - INFO - Aguardando próxima execução...
2025-06-02 17:06:17,847 - INFO - Aguardando 1 hora para próxima execução...
2025-06-02 17:06:17,854 - INFO - --------------------------------------------------------------------------------
2025-06-09 10:46:50,931 - INFO - Sistema iniciado automaticamente.
2025-06-09 10:46:50,933 - INFO - Inicializando extração...
2025-06-09 10:46:51,467 - INFO - Extração em andamento...
2025-06-09 10:46:51,472 - INFO - Iniciando processo de extração de dados...
2025-06-09 10:46:52,536 - WARNING - The msedgedriver version (136.0.3240.50) detected in PATH at C:\Python313\msedgedriver.exe might not be compatible with the detected MicrosoftEdge version (137.0.3296.68); currently, msedgedriver 137.0.3296.68 is recommended for MicrosoftEdge 137.*, so it is advised to delete the driver in PATH and retry
2025-06-09 10:47:37,258 - INFO - SUCESSO: Arquivo baixado com sucesso.
2025-06-09 10:47:37,277 - INFO - SUCESSO: Arquivo renomeado: 19CTA 090625 10_47.sswweb
2025-06-09 10:47:37,302 - INFO - SUCESSO: Arquivo anterior movido: CSVssw0036aLDI[1]094726.sswweb
2025-06-09 10:47:37,309 - INFO - Extração concluída com sucesso
2025-06-09 10:47:39,518 - INFO - Aguardando próxima execução...
2025-06-09 10:47:39,531 - INFO - Aguardando 1 hora para próxima execução...
2025-06-09 10:47:39,553 - INFO - --------------------------------------------------------------------------------
2025-06-09 10:48:40,044 - INFO - Sistema iniciado automaticamente.
2025-06-09 10:48:40,045 - INFO - Inicializando extração...
2025-06-09 10:48:40,622 - INFO - Extração em andamento...
2025-06-09 10:48:40,645 - INFO - Iniciando processo de extração de dados...
2025-06-09 10:48:40,953 - WARNING - The msedgedriver version (136.0.3240.50) detected in PATH at C:\Python313\msedgedriver.exe might not be compatible with the detected MicrosoftEdge version (137.0.3296.68); currently, msedgedriver 137.0.3296.68 is recommended for MicrosoftEdge 137.*, so it is advised to delete the driver in PATH and retry
2025-06-09 10:49:24,582 - INFO - SUCESSO: Arquivo baixado com sucesso.
2025-06-09 10:49:24,603 - INFO - SUCESSO: Arquivo renomeado: 19CTA 090625 10_49.sswweb
2025-06-09 10:49:24,624 - INFO - SUCESSO: Arquivo anterior movido: 19CTA 090625 10_47.sswweb
2025-06-09 10:49:24,634 - INFO - Extração concluída com sucesso
2025-06-09 10:49:26,860 - INFO - Aguardando próxima execução...
2025-06-09 10:49:26,873 - INFO - Aguardando 1 hora para próxima execução...
2025-06-09 10:49:26,881 - INFO - --------------------------------------------------------------------------------
